// Jest Snapshot v1, https://goo.gl/fbAQLP

exports[`Game Screen should render correctly with 3 dimention 1`] = `
<div
  className="sc-AykKC gEhdZJ"
>
  <div
    className="sc-AykKD fKtPur"
    onClick={[Function]}
    style={
      Object {
        "width": "33%",
      }
    }
  >
    7
  </div>
  <div
    className="sc-AykKD fKtPur"
    onClick={[Function]}
    style={
      Object {
        "width": "33%",
      }
    }
  />
  <div
    className="sc-AykKD fKtPur"
    onClick={[Function]}
    style={
      Object {
        "width": "33%",
      }
    }
  >
    6
  </div>
  <div
    className="sc-AykKD fKtPur"
    onClick={[Function]}
    style={
      Object {
        "width": "33%",
      }
    }
  >
    8
  </div>
  <div
    className="sc-AykKD fKtPur"
    onClick={[Function]}
    style={
      Object {
        "width": "33%",
      }
    }
  >
    4
  </div>
  <div
    className="sc-AykKD fKtPur"
    onClick={[Function]}
    style={
      Object {
        "width": "33%",
      }
    }
  >
    1
  </div>
  <div
    className="sc-AykKD fKtPur"
    onClick={[Function]}
    style={
      Object {
        "width": "33%",
      }
    }
  >
    3
  </div>
  <div
    className="sc-AykKD fKtPur"
    onClick={[Function]}
    style={
      Object {
        "width": "33%",
      }
    }
  >
    5
  </div>
  <div
    className="sc-AykKD fKtPur"
    onClick={[Function]}
    style={
      Object {
        "width": "33%",
      }
    }
  >
    2
  </div>
</div>
`;

exports[`Game Screen should render correctly with 4 dimention 1`] = `
<div
  className="sc-AykKC gEhdZJ"
>
  <div
    className="sc-AykKD fKtPur"
    onClick={[Function]}
    style={
      Object {
        "width": "25%",
      }
    }
  >
    12
  </div>
  <div
    className="sc-AykKD fKtPur"
    onClick={[Function]}
    style={
      Object {
        "width": "25%",
      }
    }
  >
    14
  </div>
  <div
    className="sc-AykKD fKtPur"
    onClick={[Function]}
    style={
      Object {
        "width": "25%",
      }
    }
  />
  <div
    className="sc-AykKD fKtPur"
    onClick={[Function]}
    style={
      Object {
        "width": "25%",
      }
    }
  >
    6
  </div>
  <div
    className="sc-AykKD fKtPur"
    onClick={[Function]}
    style={
      Object {
        "width": "25%",
      }
    }
  >
    13
  </div>
  <div
    className="sc-AykKD fKtPur"
    onClick={[Function]}
    style={
      Object {
        "width": "25%",
      }
    }
  >
    7
  </div>
  <div
    className="sc-AykKD fKtPur"
    onClick={[Function]}
    style={
      Object {
        "width": "25%",
      }
    }
  >
    9
  </div>
  <div
    className="sc-AykKD fKtPur"
    onClick={[Function]}
    style={
      Object {
        "width": "25%",
      }
    }
  >
    8
  </div>
  <div
    className="sc-AykKD fKtPur"
    onClick={[Function]}
    style={
      Object {
        "width": "25%",
      }
    }
  >
    1
  </div>
  <div
    className="sc-AykKD fKtPur"
    onClick={[Function]}
    style={
      Object {
        "width": "25%",
      }
    }
  >
    2
  </div>
  <div
    className="sc-AykKD fKtPur"
    onClick={[Function]}
    style={
      Object {
        "width": "25%",
      }
    }
  >
    3
  </div>
  <div
    className="sc-AykKD fKtPur"
    onClick={[Function]}
    style={
      Object {
        "width": "25%",
      }
    }
  >
    15
  </div>
  <div
    className="sc-AykKD fKtPur"
    onClick={[Function]}
    style={
      Object {
        "width": "25%",
      }
    }
  >
    4
  </div>
  <div
    className="sc-AykKD fKtPur"
    onClick={[Function]}
    style={
      Object {
        "width": "25%",
      }
    }
  >
    10
  </div>
  <div
    className="sc-AykKD fKtPur"
    onClick={[Function]}
    style={
      Object {
        "width": "25%",
      }
    }
  >
    5
  </div>
  <div
    className="sc-AykKD fKtPur"
    onClick={[Function]}
    style={
      Object {
        "width": "25%",
      }
    }
  >
    11
  </div>
</div>
`;

exports[`Game Screen should render correctly with 5 dimention 1`] = `
<div
  className="sc-AykKC gEhdZJ"
>
  <div
    className="sc-AykKD fKtPur"
    onClick={[Function]}
    style={
      Object {
        "width": "20%",
      }
    }
  >
    17
  </div>
  <div
    className="sc-AykKD fKtPur"
    onClick={[Function]}
    style={
      Object {
        "width": "20%",
      }
    }
  >
    10
  </div>
  <div
    className="sc-AykKD fKtPur"
    onClick={[Function]}
    style={
      Object {
        "width": "20%",
      }
    }
  >
    20
  </div>
  <div
    className="sc-AykKD fKtPur"
    onClick={[Function]}
    style={
      Object {
        "width": "20%",
      }
    }
  >
    13
  </div>
  <div
    className="sc-AykKD fKtPur"
    onClick={[Function]}
    style={
      Object {
        "width": "20%",
      }
    }
  >
    15
  </div>
  <div
    className="sc-AykKD fKtPur"
    onClick={[Function]}
    style={
      Object {
        "width": "20%",
      }
    }
  >
    23
  </div>
  <div
    className="sc-AykKD fKtPur"
    onClick={[Function]}
    style={
      Object {
        "width": "20%",
      }
    }
  >
    6
  </div>
  <div
    className="sc-AykKD fKtPur"
    onClick={[Function]}
    style={
      Object {
        "width": "20%",
      }
    }
  >
    11
  </div>
  <div
    className="sc-AykKD fKtPur"
    onClick={[Function]}
    style={
      Object {
        "width": "20%",
      }
    }
  >
    5
  </div>
  <div
    className="sc-AykKD fKtPur"
    onClick={[Function]}
    style={
      Object {
        "width": "20%",
      }
    }
  />
  <div
    className="sc-AykKD fKtPur"
    onClick={[Function]}
    style={
      Object {
        "width": "20%",
      }
    }
  >
    2
  </div>
  <div
    className="sc-AykKD fKtPur"
    onClick={[Function]}
    style={
      Object {
        "width": "20%",
      }
    }
  >
    8
  </div>
  <div
    className="sc-AykKD fKtPur"
    onClick={[Function]}
    style={
      Object {
        "width": "20%",
      }
    }
  >
    3
  </div>
  <div
    className="sc-AykKD fKtPur"
    onClick={[Function]}
    style={
      Object {
        "width": "20%",
      }
    }
  >
    1
  </div>
  <div
    className="sc-AykKD fKtPur"
    onClick={[Function]}
    style={
      Object {
        "width": "20%",
      }
    }
  >
    19
  </div>
  <div
    className="sc-AykKD fKtPur"
    onClick={[Function]}
    style={
      Object {
        "width": "20%",
      }
    }
  >
    22
  </div>
  <div
    className="sc-AykKD fKtPur"
    onClick={[Function]}
    style={
      Object {
        "width": "20%",
      }
    }
  >
    16
  </div>
  <div
    className="sc-AykKD fKtPur"
    onClick={[Function]}
    style={
      Object {
        "width": "20%",
      }
    }
  >
    4
  </div>
  <div
    className="sc-AykKD fKtPur"
    onClick={[Function]}
    style={
      Object {
        "width": "20%",
      }
    }
  >
    7
  </div>
  <div
    className="sc-AykKD fKtPur"
    onClick={[Function]}
    style={
      Object {
        "width": "20%",
      }
    }
  >
    9
  </div>
  <div
    className="sc-AykKD fKtPur"
    onClick={[Function]}
    style={
      Object {
        "width": "20%",
      }
    }
  >
    18
  </div>
  <div
    className="sc-AykKD fKtPur"
    onClick={[Function]}
    style={
      Object {
        "width": "20%",
      }
    }
  >
    24
  </div>
  <div
    className="sc-AykKD fKtPur"
    onClick={[Function]}
    style={
      Object {
        "width": "20%",
      }
    }
  >
    21
  </div>
  <div
    className="sc-AykKD fKtPur"
    onClick={[Function]}
    style={
      Object {
        "width": "20%",
      }
    }
  >
    14
  </div>
  <div
    className="sc-AykKD fKtPur"
    onClick={[Function]}
    style={
      Object {
        "width": "20%",
      }
    }
  >
    12
  </div>
</div>
`;
